// Bun Snapshot v1, https://goo.gl/fbAQLP

exports[`day 1 part 1 1`] = `55621`;

exports[`day 1 part 2 1`] = `53592`;

exports[`day 2 part 1 1`] = `2348`;

exports[`day 2 part 2 1`] = `76008`;

exports[`day 3 part 1 1`] = `537732`;

exports[`day 3 part 2 1`] = `84883664`;

exports[`day 4 part 1 1`] = `22897`;

exports[`day 4 part 2 1`] = `5095824`;

exports[`day 5 part 1 1`] = `621354867`;

exports[`day 5 part 2 1`] = `15880236`;

exports[`day 6 part 1 1`] = `1624896`;

exports[`day 6 part 2 1`] = `32583852`;

exports[`day 7 part 1 1`] = `248836197`;

exports[`day 7 part 2 1`] = `251195607`;

exports[`day 8 part 1 1`] = `20569`;

exports[`day 8 part 2 1`] = `21366921060721`;

exports[`day 9 part 1 1`] = `1684566095`;

exports[`day 9 part 2 1`] = `1136`;

exports[`day 10 part 1 1`] = `6903`;

exports[`day 10 part 2 1`] = `265`;

exports[`day 11 part 1 1`] = `9214785`;

exports[`day 11 part 2 1`] = `613686987427`;

exports[`day 12 part 1 1`] = `7857`;

exports[`day 12 part 2 1`] = `28606137449920`;

exports[`day 13 part 1 1`] = `35232`;

exports[`day 13 part 2 1`] = `37982`;

exports[`day 14 part 1 1`] = `108641`;

exports[`day 14 part 2 1`] = `84328`;
