// Bun Snapshot v1, https://goo.gl/fbAQLP

exports[`day 1 part 1 1`] = `55621`;

exports[`day 1 part 2 1`] = `53592`;

exports[`day 2 part 1 1`] = `2348`;

exports[`day 2 part 2 1`] = `76008`;

exports[`day 3 part 1 1`] = `537732`;

exports[`day 3 part 2 1`] = `84883664`;

exports[`day 4 part 1 1`] = `22897`;

exports[`day 4 part 2 1`] = `5095824`;

exports[`day 5 part 1 1`] = `621354867`;

exports[`day 5 part 2 1`] = `15880236`;
